// Jest Snapshot v1, https://goo.gl/fbAQLP

exports[`Animal Service When a request to list an animal with name = Bigotes is made should return the correct data 1`] = `
Array [
  Object {
    "breed": "Bengali",
    "gender": "Female",
    "name": "Bigotes",
    "vaccinated": true,
  },
]
`;
